// Jest Snapshot v1, https://goo.gl/fbAQLP

exports[`views:SearchBar call handleSubmit callback 1`] = `
" <div class=\\"navbar bg-nav row-flex\\">
    <p class=\\"navbar-brand m-0 py-0 pr-2\\" href=\\"#\\">
        <img src=\\"https://www.apple.com/ac/globalnav/3/fr_FR/images/globalnav/apple/image_large.svg\\" width=\\"40\\" height=\\"40\\" class=\\"d-inline-block align-center\\" alt=\\"\\">
        iTunes
    </p>
    <form class=\\"search-form my-2 my-lg-0 col-flex\\">
        <input class=\\"js-search-input search-form__input bg-dark\\" type=\\"search\\" placeholder=\\"Search\\" aria-label=\\"Search\\">
        <a class=\\"search-form__button m-0 p-0\\" href=\\"#\\" role=\\"button\\"><img src=\\"https://icongr.am/clarity/search.svg?color=FFFFFF\\" width=\\"20\\"></a>
    </form>
</div>
"
`;
